{
    "constants": {
        "ABSPATH": "var/wordpress/",
        "WP_DEFAULT_THEME": "not set",
        "WP_CONTENT_DIR": "not set",
        "WP_PLUGIN_DIR": "not set",
        "WP_HOME": "http://one.wordpress.test",
        "WP_SITEURL": "http://one.wordpress.test",
        "WPMU_PLUGIN_DIR": "not set",
        "DB_HOST": "database",
        "DB_NAME": "test_subdomain",
        "DB_PASSWORD": "password",
        "DB_USER": "root",
        "CUSTOM_USER_TABLE": "not set",
        "CUSTOM_USER_META_TABLE": "not set",
        "DISABLE_WP_CRON": "not set"
    },
    "globals": {
        "table_prefix": "wp_"
    },
    "checks": {
        "Site is multisite": "yes",
        "ABSPATH points to valid WordPress directory": "Yes, wp-load.php file found in WordPress root directory.",
        "Database connection works": "Yes, connection successful.",
        "Database structure as expected": "Yes, as expected.",
        "Blog installed": "Yes, blog is installed.",
        "Theme :": {
            "template": "twentytwentyone",
            "stylesheet": "twentytwentyone",
            "twentytwentyone directory": "var/wordpress/wp-content/themes/twentytwentyone"
        },
        "Must-use plugins health-check:": "mu-plugins directory (wp-content/mu-plugins) does not exist.",
        "Plugins health-check:": {
            "Inactive plugin [akismet]": "wp-content/plugins/akismet",
            "Inactive plugin [doing-it-right]": "wp-content/plugins/doing-it-right",
            "Inactive plugin [doing-it-wrong-1]": "wp-content/plugins/doing-it-wrong-1",
            "Inactive plugin [doing-it-wrong-2]": "wp-content/plugins/doing-it-wrong-2",
            "Inactive plugin [isolated-test-plugin-two]": "wp-content/plugins/isolated-test-plugin-two",
            "Inactive plugin [isolated-test-plugin]": "wp-content/plugins/isolated-test-plugin",
            "Inactive plugin [mu-plugin-1]": "wp-content/plugins/mu-plugin-1",
            "Inactive plugin [test]": "wp-content/plugins/test"
        }
    }
}