{
    "constants": {
        "ABSPATH": "var/wordpress/",
        "WP_DEFAULT_THEME": "not set",
        "WP_CONTENT_DIR": "not set",
        "WP_PLUGIN_DIR": "../../tests/_data/plugins",
        "WP_HOME": "http://wordpress.test",
        "WP_SITEURL": "http://wordpress.test",
        "WPMU_PLUGIN_DIR": "not set",
        "DB_HOST": "database",
        "DB_NAME": "wordpress",
        "DB_PASSWORD": "password",
        "DB_USER": "root",
        "CUSTOM_USER_TABLE": "not set",
        "CUSTOM_USER_META_TABLE": "not set",
        "DISABLE_WP_CRON": "not set"
    },
    "globals": {
        "table_prefix": "wp_"
    },
    "checks": {
        "Site is multisite": "no",
        "ABSPATH points to valid WordPress directory": "Yes, wp-load.php file found in WordPress root directory.",
        "Database connection works": "Yes, connection successful.",
        "Database structure as expected": "No, structure errors: could not check on the database tables.",
        "Blog installed": "Yes, blog is installed.",
        "Theme :": {
            "template": "twentytwenty",
            "stylesheet": "twentytwenty",
            "twentytwenty directory": "var/wordpress/wp-content/themes/twentytwenty"
        },
        "Must-use plugins health-check:": "mu-plugins directory (wp-content/mu-plugins) does not exist.",
        "Plugins health-check:": {
            "Inactive plugin [doing-it-right]": "../../tests/_data/plugins/doing-it-right",
            "Inactive plugin [doing-it-wrong-1]": "../../tests/_data/plugins/doing-it-wrong-1",
            "Inactive plugin [doing-it-wrong-2]": "../../tests/_data/plugins/doing-it-wrong-2",
            "Inactive plugin [isolated-test-plugin-two]": "../../tests/_data/plugins/isolated-test-plugin-two",
            "Inactive plugin [isolated-test-plugin]": "../../tests/_data/plugins/isolated-test-plugin",
            "Inactive plugin [mu-plugin-1]": "../../tests/_data/plugins/mu-plugin-1",
            "Inactive plugin [test]": "../../tests/_data/plugins/test"
        }
    }
}